FIRST_URL: https://javrider.id/fc2-ppv-4401493/
PLAYER_IFRAME: https://javplayers.com/video/27dbb28ea03fd64ae84f717f6dfac59c
JAVPLAYERS SCRIPTS: document.addEventListener('contextmenu', event => event.preventDefault());
======
var defaultAudio = [];
var defaultCaptions = [];
var player_base_url = "https://javplayers.com";
var player_loaded = false;
var player_language = "en";
======

======

======

======
var playerjsSubtitle = "";
var playerjsDefaultSubtitle = "";
eval(function(p,a,c,k,e,d){e=function(c){return(c<a?'':e(parseInt(c/a)))+((c=c%a)>35?String.fromCharCode(c+29):c.toString(36))};if(!''.replace(/^/,String)){while(c--){d[e(c)]=k[c]||e(c)}k=[function(e){return d[e]}];e=function(){return'\\w+'};c=1};while(c--){if(k[c]){p=p.replace(new RegExp('\\b'+e(c)+'\\b','g'),k[c])}}return p}('k A(D=1L){X("P",{"O":{"N":"M","L":"K:\\/\\/J.0\\/I\\/H\\/S\\/C\\/1I.1G"},"1F":{"B":"","1E":"","1D":"1A-1x","1w":d},"1v":[{"B":"2:\\/\\/1r.1j.0\\/1i\\/1h\\/R\\/x.1u","1g":"x"}],"1k":{"1l":"20","1m":"1n 1o"},"1p":"","1q":"\\\\z\\\\1s\\\\o\\\\u\\\\e\\\\h\\\\o\\\\1t\\\\e\\\\h\\\\v\\\\u\\\\e\\\\1y\\\\1z\\\\1B\\\\e\\\\h\\\\1C\\\\p\\\\i\\\\r\\\\i\\\\p\\\\i\\\\r\\\\1H\\\\1d\\\\1e\\\\t\\\\o\\\\j\\\\1c\\\\j\\\\F\\\\G\\\\z\\\\h\\\\v\\\\j\\\\e\\\\t\\\\i\\\\Q","E":c,"T":c,"U":c,"V":"W-Y-Z","11":d,"12":c,"15":{"16":"4","19":[{"7":"1a","6":"2:\\/\\/3.0\\/5\\/1b\\/4","1J":"9"},{"7":"a:1f:20:8","6":"2:\\/\\/3.0\\/5\\/2t\\/4"},{"7":"a:10:13:8","6":"2:\\/\\/3.0\\/5\\/2u\\/4"},{"7":"a:14:2v:8","6":"2:\\/\\/3.0\\/5\\/2w\\/4"},{"7":"a:18:23:8","6":"2:\\/\\/3.0\\/5\\/2x\\/4"},{"7":"a:24:s:8","6":"2:\\/\\/3.0\\/5\\/1K\\/4"},{"7":"a:2y:l:8","6":"2:\\/\\/3.0\\/5\\/2z\\/4"},{"7":"a:w:q:8","6":"2:\\/\\/3.0\\/5\\/2A\\/4"},{"7":"a:2B:m:8","6":"2:\\/\\/3.0\\/5\\/2C\\/4"},{"7":"a:2D:w:8","6":"2:\\/\\/3.0\\/5\\/2E\\/4"},{"7":"a:2H:m:8","6":"2:\\/\\/3.0\\/5\\/2F\\/4"},{"7":"a:n:l:8","6":"2:\\/\\/3.0\\/5\\/2G\\/4"},{"7":"b:2s:m:8","6":"2:\\/\\/3.0\\/5\\/2I\\/4"},{"7":"b:17:n:8","6":"2:\\/\\/3.0\\/5\\/2T\\/4"},{"7":"b:26:b:8","6":"2:\\/\\/3.0\\/5\\/2S\\/4"},{"7":"b:2R:23:8","6":"2:\\/\\/3.0\\/5\\/2Q\\/4"},{"7":"b:2J:s:8","6":"2:\\/\\/3.0\\/5\\/2O\\/4"},{"7":"b:2P:q:8","6":"2:\\/\\/3.0\\/5\\/2N\\/4"},{"7":"b:n:2M:8","6":"2:\\/\\/3.0\\/5\\/2L\\/4"},{"7":"l:2K:23:8","6":"2:\\/\\/3.0\\/5\\/2r\\/4"},{"7":"2q","6":"2:\\/\\/3.0\\/5\\/28\\/4"}],"2p":"22"},"21":d,"1Z":["g:\\/\\/f.1Y.0","g:\\/\\/f.1X.0.1W","g:\\/\\/f.1V.0","g:\\/\\/f.1T.1M"],"1S":c,"1R":"","1Q":"\\/\\/3.0\\/1P\\/1O\\/1N\\/25","1U":d,"27":"1","2h":d,"2o":"","2n":"C","2m":"2l+2k=","2j":"2:\\/\\/2i.2g.0\\/29\\/2f.2e"},d,D)}$(k(){$(2d).2c(k(){2b y=c;2a(y){A()}})});',62,180,'com||https|tsyndicate|vast|do2|tag|offset|000||00|01|true|false|x5a|tracker|wss|x54|x4d|x7a|function|02|45|58|x51|x30|57|x32|56|x57|x35|x45|34|thumbnails|fireplay|x59|fireload|file|jwplayer|source|SubtitleManager|x49|x31|player|fireplayer|otpplayer|http|url|alaska|name|skin|27dbb28ea03fd64ae84f717f6dfac59c|x3d|4b2cdbef9caa470e930761b1e572c18a|assets|jwplayer8button1|jwplayer8quality|title|FC2|FirePlayer|PPV|4401493||displaytitle|rememberPosition|||advertising|client|||schedule|pre|8efd05060a0d4f1fbd5a5e151bc5f26f|x4e|x6b|x4f|05|kind|down|cdn|akmicdn|captions|fontSize|fontfamily|Trebuchet|MS|defaultImage|ck|trk6tu|x6d|x78|vtt|tracks|active|right|x44|x56|top|x69|x55|position|link|logo|css|x46|netflix|skipoffset|4f1362771a834a8f879f2341dd887a6c|null|xyz|direct|v1|api|popurl|poplimit|popactive|btorrent|downloadFile|one3up|ua|novage|openwebtorrent|p2pTrackers||p2p|AD|||e1b5ef8f597a4b7eaa39364fb700fb9e||downloadType|8059cbe94c424193b2370ebfb3806f32|libraries|if|var|ready|document|js|hDZaZjnc|jwplatform|attachmentSystem|content|jwPlayerURL|rZFhulEcXvUQMbyWAmIQyyjPjZAQPLw|ksaKvjlJRbnrPXSGpuPVqfscYS9|jwPlayerKey|videoPlayer|stretching|admessage|post|c0b8ebfbd731474caa56e54d61123a65|08|73a01e6403c4477e870f9d3d705d94c2|84c597078f614791b4f8bd7a5f2aab9b|46|239e795f23cc4dbf84c89143278b13a0|6188df12374648caa673fcf97d699f4c|30|341ba787c79f481fb3cae12a92e08890|ed46879b5fd54a2f875438d9f1127c41|39|dbb8654a759d42b095bed354bfaa5e86|44|bc793aac2a754e5abdabaf472c59b1ab|ef492cab172f44b3a2ce561a6a121893|38ca298398ba4bbb8991975cdebb6251|51|a381b0f5cab44cd2a906de07063942c2|41|06|641d9c6ed096489b855f488c85138503|04|e94831e2e618468d91d24bfad252b99e|f23acb6a087343bfb8fa3ca8fee81c6a|49|dc980f4373414e0593f69fde05b5a073|33|b90f962ecba54f7692baa6b81a520e10|cb4d854899ef4968b5e325a92769dfd9'.split('|'),0,{}))
======

